// Jest Snapshot v1, https://goo.gl/fbAQLP

exports[`Link changes the class when hovered 1`] = `
<div
  className="NotificationItem"
>
  <div
    aria-checked={undefined}
    aria-disabled={undefined}
    aria-selected={undefined}
    className="item NotificationItem-block"
    onClick={[Function]}
    role="option"
  >
    <img
      className="ui mini circular image"
      onClick={[Function]}
      src="/assets/empty/1.png"
    />
    <span
      className="description"
    >
      like_post
    </span>
    <span
      className="text"
    >
      test title
    </span>
  </div>
</div>
`;
